// Jest Snapshot v1, https://goo.gl/fbAQLP

exports[`ruleset operation operation removal 1`] = `
[
  {
    "change": {
      "changeType": "removed",
      "location": {
        "conceptualLocation": {
          "method": "get",
          "path": "/api/users",
        },
        "conceptualPath": [
          "operations",
          "/api/users",
          "get",
        ],
        "jsonPath": "/paths/~1api~1users/get",
        "kind": "operation",
      },
      "removed": {
        "before": {
          "method": "get",
          "pathPattern": "/api/users",
        },
      },
    },
    "condition": undefined,
    "docsLink": undefined,
    "error": "cannot remove an operation. This is a breaking change.",
    "exempted": false,
    "expected": undefined,
    "isMust": true,
    "isShould": false,
    "name": "prevent operation removal",
    "passed": false,
    "received": undefined,
    "type": "removed",
    "where": "GET /api/users",
  },
]
`;
